exports[`test renders correctly 1`] = `
<div
  className="App">
  <div
    className="App-header">
    <img
      alt="logo"
      className="App-logo"
      src="logo.svg" />
    <h2>
      Welcome to React
    </h2>
  </div>
  <p
    className="App-intro">
    To get started, edit 
    <code>
      src/App.js
    </code>
     and save to reload.
  </p>
  <div>
    <div
      className="tweet-contents" />
    <div>
      <button
        onClick={[Function]}>
        Please Click
      </button>
    </div>
  </div>
  <div
    className="App-footer">
    <p>
      this is footer
    </p>
  </div>
</div>
`;
